../Core/Src/Lora.c:26:6:LoraGPIOsConfig	48	static
../Core/Src/Lora.c:56:9:LoraDefaultInit	8	static
../Core/Src/Lora.c:61:9:LoraInit	16	static
../Core/Src/Lora.c:107:6:LoraSetSPIHandler	16	static
../Core/Src/Lora.c:112:9:LoraSendSPI	32	static
../Core/Src/Lora.c:123:9:LoraReadRegister	16	static
../Core/Src/Lora.c:128:6:LoraWriteRegister	16	static
../Core/Src/Lora.c:135:6:LoraSendRF	16	static
../Core/Src/Lora.c:142:6:LoraTransmit	16	static
../Core/Src/Lora.c:147:6:LoraWrite	24	static
../Core/Src/Lora.c:166:9:GetLoraVersion	8	static
../Core/Src/Lora.c:170:9:LoraGetRXBytes	8	static
../Core/Src/Lora.c:175:6:LoraSetFrequency	24	static
../Core/Src/Lora.c:183:9:LoraBeginPacket	16	static
../Core/Src/Lora.c:204:9:LoraEndPacket	16	static
../Core/Src/Lora.c:216:9:LoraGetSpreadingFactor	8	static
../Core/Src/Lora.c:221:9:IsTransmitting	8	static
../Core/Src/Lora.c:234:6:LoraSetOCP	24	static
../Core/Src/Lora.c:247:6:LoraSetTxPower	16	static
../Core/Src/Lora.c:280:6:LoraSetIdle	8	static
../Core/Src/Lora.c:285:6:LoraSleep	8	static
../Core/Src/Lora.c:290:6:LoraEnd	8	static
