../Drivers/CMSIS/Include/core_cm4.h:1933:34:__NVIC_SystemReset	4	static,ignoring_inline_asm
../Core/Src/main.c:57:5:main	8	static,ignoring_inline_asm
../Core/Src/main.c:132:6:telemetryInit	8	static
../Core/Src/main.c:165:6:IMU_Config	8	static
../Core/Src/main.c:171:6:LoraConfig	8	static
../Core/Src/main.c:180:6:RPM_InterruptConfig	8	static
../Core/Src/main.c:186:6:configure_GPS_Interrupt	8	static
../Core/Src/main.c:195:6:USART1_IRQHandler	4	static
../Core/Src/main.c:225:6:processGPS	16	static
../Core/Src/main.c:243:6:store_GPS_ObservedState	32	static
../Core/Src/main.c:286:6:readADCValues	24	static
../Core/Src/main.c:314:6:EXTI1_IRQHandler	8	static
../Core/Src/main.c:327:6:calculateRPMs	8	static
../Core/Src/main.c:333:6:buildPacketRF	192	static
../Core/Src/main.c:357:6:transmitTelemetry	8	static
../Core/Src/main.c:365:6:Error_Handler	8	static,ignoring_inline_asm
